Sync time: datetime.datetime(2014, 3, 26, 23, 7, 47, tzinfo=tzutc())
Reading state from file
Apply all hash actions
   records              --    5 applied
Apply local inserts
   records              --    6 applied
Apply local updates
   records              --   12 applied
Apply local deletes
   records              --    6 applied
Apply remote insert
Apply remote updates
Apply remote deletes
DONE
