Sync time: datetime.datetime(2014, 3, 26, 23, 7, 45, tzinfo=tzutc())
Compute hash actions
client
   records              -- insert:    7, update:   10, delete:    5, 
server
   records              -- insert:    7, update:   10, delete:    5, 
Compute data actions
   records              -- c.it:    6, c.ut:   12, c.dt:    6, s.ih:    2, s.uh:    2, s.dh:    1, 
Writing state to file
DONE
