Sync time: datetime.datetime(2014, 3, 26, 22, 51, 20, tzinfo=tzutc())
Reading state from file
Apply all hash actions
   records              --    5 applied
Apply local inserts
   records              --    4 applied
Apply local updates
   records              --    9 applied
Apply local deletes
   records              --    4 applied
Apply remote insert
   records              --    2 applied
Apply remote updates
   records              --    3 applied
Apply remote deletes
   records              --    2 applied
DONE
