Sync time: datetime.datetime(2014, 3, 27, 8, 33, 33, tzinfo=tzutc())
Reading state from file
Apply all hash actions
   records              --    3 applied
Apply local inserts
   records              --    1 applied
Apply local updates
   records              --    1 applied
Apply local deletes
   records              --    1 applied
Apply remote insert
   records              --    2 applied
Apply remote updates
   records              --    3 applied
Apply remote deletes
   records              --    2 applied
DONE
