Sync time: datetime.datetime(2014, 3, 27, 8, 33, 32, tzinfo=tzutc())
Compute hash actions
client
   records              -- insert:    3, update:    4, delete:    3, 
server
   records              -- insert:    3, update:    4, delete:    3, 
Compute data actions
   records              -- c.it:    1, c.ut:    1, c.dt:    1, c.ih:    1, c.uh:    1, c.dh:    1, s.it:    2, s.ut:    3, s.dt:    2, 
Writing state to file
DONE
