Sync time: datetime.datetime(2014, 3, 27, 8, 27, 29, tzinfo=tzutc())
Reading state from file
Apply all hash actions
   records              --    3 applied
Apply local inserts
Apply local updates
Apply local deletes
Apply remote insert
   records              --    3 applied
Apply remote updates
   records              --    4 applied
Apply remote deletes
   records              --    3 applied
DONE
