Sync time: datetime.datetime(2014, 3, 26, 14, 39, 11, tzinfo=tzutc())
Compute hash actions
client
   records              -- insert:    3, update:    4, delete:    3, 
server
   records              -- insert:    3, update:    4, delete:    3, 
Compute data actions
   records              -- c.it:    3, c.ut:    4, c.dt:    3, s.ih:    1, s.uh:    1, s.dh:    1, 
Writing state to file
DONE
