Sync time: datetime.datetime(2014, 3, 26, 14, 24, 31, tzinfo=tzutc())
Reading state from file
Apply all hash actions
   records              --    3 applied
Apply local inserts
   records              --    3 applied
Apply local updates
   records              --    3 applied
Apply local deletes
   records              --    3 applied
Apply remote insert
Apply remote updates
Apply remote deletes
DONE
